
────────────────────────────────────────────────────────────
TEST START
────────────────────────────────────────────────────────────
[17:34:58.575] Test:        activate.parallel.works/alvaro/sessions/marketplace.openvscode.latest/inputs
[17:34:58.575] Kind:        sessions
[17:34:58.575] Inputs:      /Users/alvarovidaltorreira/projects/2026/tester/activate.parallel.works/alvaro/sessions/marketplace.openvscode.latest/inputs.json
[17:34:58.575] Output dir:  /Users/alvarovidaltorreira/projects/2026/tester/output/activate.parallel.works/alvaro/sessions/marketplace.openvscode.latest/inputs
[17:34:58.575] Started at:  2026-05-29T15:34:58Z

────────────────────────────────────────────────────────────
LAUNCH
────────────────────────────────────────────────────────────
[17:34:58.576] Command: pw --platform-host activate.parallel.works workflows run -i /Users/alvarovidaltorreira/projects/2026/tester/activate.parallel.works/alvaro/sessions/marketplace.openvscode.latest/inputs.json --name pw-test: activate.parallel.works/alvaro/sessions/marketplace.openvscode.latest/inputs -o json marketplace.openvscode.latest
[17:34:58.576] Attempt 1/5...
[17:35:00.381]   exit=0
[17:35:00.381]   stderr: A new version of the PW CLI is available (current: v7.55.0, latest: v7.56.0).
Run 'pw upgrade' to update.
[17:35:00.381]   Run launched: slug=mp-openvscode-00061

────────────────────────────────────────────────────────────
WAITING FOR RUN TO START
────────────────────────────────────────────────────────────
[17:35:10.895] Run status at 10s: running
[17:35:10.895] Run is running — switching to session health polling

────────────────────────────────────────────────────────────
WAITING FOR HEALTHY SESSION
────────────────────────────────────────────────────────────
[17:35:21.300] Session at 20s: name=marketplace.openvscode.latest_61_session status=running healthy=False
[17:35:31.716] Session at 30s: name=marketplace.openvscode.latest_61_session status=running healthy=False
[17:35:42.139] Session at 40s: name=marketplace.openvscode.latest_61_session status=running healthy=False
[17:35:52.579] Session at 50s: name=marketplace.openvscode.latest_61_session status=running healthy=False
[17:36:02.993] Session at 60s: name=marketplace.openvscode.latest_61_session status=running healthy=False
[17:36:13.443] Session at 70s: name=marketplace.openvscode.latest_61_session status=running healthy=False
[17:36:23.882] Session at 80s: name=marketplace.openvscode.latest_61_session status=running healthy=False
[17:36:34.312] Session at 90s: name=marketplace.openvscode.latest_61_session status=running healthy=False
[17:36:44.741] Session at 100s: name=marketplace.openvscode.latest_61_session status=running healthy=True

────────────────────────────────────────────────────────────
SESSION HEALTHY — CANCELING RUN
────────────────────────────────────────────────────────────
[17:36:44.742] Canceling run mp-openvscode-00061...
[17:36:45.161]   cancel exit=0: Run mp-openvscode-00061 canceled
[17:36:45.161] Session test passed in 106.6s
